// Jest Snapshot v1, https://goo.gl/fbAQLP

exports[`should render a DashboardPage component 1`] = `
<div>
  <div
    className="page-header"
  >
    <div
      className="content-container"
    >
      <h1
        className="page-header__title"
      >
        Projects Dashboard
      </h1>
      <div
        className="page-header__actions"
      >
        <Link
          className="button"
          replace={false}
          to="/create"
        >
          Create a Project
        </Link>
      </div>
    </div>
  </div>
  <div
    className="content-container"
  >
    <Connect(ProjectList) />
  </div>
</div>
`;
