// Jest Snapshot v1, https://goo.gl/fbAQLP

exports[`should render the EditProjectPage component correctly 1`] = `
<div
  className="content-container"
>
  <h1>
    Edit an existing Project
  </h1>
  <ProjectForm
    onSubmit={[Function]}
    project={
      Object {
        "description": "testing some great stuff",
        "id": "1",
        "projectManager": Object {
          "id": "1",
          "name": "Mr Test",
        },
        "projectType": "int",
        "title": "first test project",
      }
    }
    projectManagers={
      Array [
        Object {
          "id": "1",
          "name": "Jason Marshall",
        },
        Object {
          "id": "2",
          "name": "Bec Lloyds",
        },
      ]
    }
  />
</div>
`;
