// Jest Snapshot v1, https://goo.gl/fbAQLP

exports[`should render the ProjectListItem component correctly 1`] = `
<Link
  className="list-item"
  replace={false}
  to="/project/undefined"
>
  <div>
    <h3
      className="list-item__title"
    />
    <p
      className="list-item__subtitle"
    />
  </div>
</Link>
`;
