// Jest Snapshot v1, https://goo.gl/fbAQLP

exports[`should render the ProjectListItem component correctly for a user who has completed registration 1`] = `
<div>
  <h3>
    New User Registration
  </h3>
  <button
    className="button"
    onClick={[Function]}
  >
    Register
  </button>
</div>
`;

exports[`should render the ProjectListItem component correctly for a user who has not been assigned any roles 1`] = `
<div>
  <h3>
    New User Registration
  </h3>
  <button
    className="button"
    onClick={[Function]}
  >
    Register
  </button>
</div>
`;

exports[`should render the ProjectListItem component correctly for a user who has not registered 1`] = `
<div>
  <h3>
    New User Registration
  </h3>
  <button
    className="button"
    onClick={[Function]}
  >
    Register
  </button>
</div>
`;
